../Core/Src/main.c:77:5:main	56	static
../Core/Src/main.c:131:6:SystemClock_Config	88	static
../Core/Src/main.c:186:13:MX_ADC1_Init	24	static
../Core/Src/main.c:301:13:MX_USART3_UART_Init	8	static
../Core/Src/main.c:334:13:MX_DMA_Init	16	static
../Core/Src/main.c:352:13:MX_GPIO_Init	48	static
../Core/Src/main.c:379:6:HAL_ADC_ConvCpltCallback	16	static
../Core/Src/main.c:387:6:HAL_ADC_ConvHalfCpltCallback	16	static
../Core/Src/main.c:397:6:MPU_Config	24	static
../Core/Src/main.c:428:6:Error_Handler	4	static,ignoring_inline_asm
